[    0.000000] Initializing cgroup subsys cpuset
[    0.000000] Initializing cgroup subsys cpu
[    0.000000] Initializing cgroup subsys cpuacct
[    0.000000] Linux version 4.4.0-59-generic (buildd@lgw01-37) (gcc version 5.4.0 20160609 (Ubuntu 5.4.0-6ubuntu1~16.04.4) ) #80-Ubuntu SMP Fri Jan 6 17:36:54 UTC 2017 (Ubuntu 4.4.0-59.80-generic 4.4.35)
[    0.000000] KERNEL supported cpus:
[    0.000000]   Intel GenuineIntel
[    0.000000]   AMD AuthenticAMD
[    0.000000]   NSC Geode by NSC
[    0.000000]   Cyrix CyrixInstead
[    0.000000]   Centaur CentaurHauls
[    0.000000]   Transmeta GenuineTMx86
[    0.000000]   Transmeta TransmetaCPU
[    0.000000]   UMC UMC UMC UMC
[    0.000000] x86/fpu: xstate_offset[2]:  576, xstate_sizes[2]:  256
[    0.000000] x86/fpu: Supporting XSAVE feature 0x01: 'x87 floating point registers'
[    0.000000] x86/fpu: Supporting XSAVE feature 0x02: 'SSE registers'
[    0.000000] x86/fpu: Supporting XSAVE feature 0x04: 'AVX registers'
[    0.000000] x86/fpu: Enabled xstate features 0x7, context size is 832 bytes, using 'standard' format.
[    0.000000] x86/fpu: Using 'lazy' FPU context switches.
[    0.000000] e820: BIOS-provided physical RAM map:
[    0.000000] BIOS-e820: [mem 0x0000000000000000-0x000000000009fbff] usable
[    0.000000] BIOS-e820: [mem 0x000000000009fc00-0x000000000009ffff] reserved
[    0.000000] BIOS-e820: [mem 0x00000000000f0000-0x00000000000fffff] reserved
[    0.000000] BIOS-e820: [mem 0x0000000000100000-0x000000003ffeffff] usable
[    0.000000] BIOS-e820: [mem 0x000000003fff0000-0x000000003fffffff] ACPI data
[    0.000000] BIOS-e820: [mem 0x00000000fec00000-0x00000000fec00fff] reserved
[    0.000000] BIOS-e820: [mem 0x00000000fee00000-0x00000000fee00fff] reserved
[    0.000000] BIOS-e820: [mem 0x00000000fffc0000-0x00000000ffffffff] reserved
[    0.000000] NX (Execute Disable) protection: active
[    0.000000] SMBIOS 2.5 present.
[    0.000000] Hypervisor detected: KVM
[    0.000000] e820: last_pfn = 0x3fff0 max_arch_pfn = 0x1000000
[    0.000000] MTRR: Disabled
[    0.000000] x86/PAT: MTRRs disabled, skipping PAT initialization too.
[    0.000000] x86/PAT: Configuration [0-7]: WB  WT  UC- UC  WB  WT  UC- UC  
[    0.000000] CPU MTRRs all blank - virtualized system.
[    0.000000] found SMP MP-table at [mem 0x0009fff0-0x0009ffff] mapped at [c009fff0]
[    0.000000] Scanning 1 areas for low memory corruption
[    0.000000] RAMDISK: [mem 0x36b6a000-0x375acfff]
[    0.000000] ACPI: Early table checksum verification disabled
[    0.000000] ACPI: RSDP 0x00000000000E0000 000024 (v02 VBOX  )
[    0.000000] ACPI: XSDT 0x000000003FFF0030 00003C (v01 VBOX   VBOXXSDT 00000001 ASL  00000061)
[    0.000000] ACPI: FACP 0x000000003FFF00F0 0000F4 (v04 VBOX   VBOXFACP 00000001 ASL  00000061)
[    0.000000] ACPI: DSDT 0x000000003FFF0470 00210F (v01 VBOX   VBOXBIOS 00000002 INTL 20100528)
[    0.000000] ACPI: FACS 0x000000003FFF0200 000040
[    0.000000] ACPI: FACS 0x000000003FFF0200 000040
[    0.000000] ACPI: APIC 0x000000003FFF0240 00005C (v02 VBOX   VBOXAPIC 00000001 ASL  00000061)
[    0.000000] ACPI: SSDT 0x000000003FFF02A0 0001CC (v01 VBOX   VBOXCPUT 00000002 INTL 20100528)
[    0.000000] 131MB HIGHMEM available.
[    0.000000] 891MB LOWMEM available.
[    0.000000]   mapped low ram: 0 - 37bfe000
[    0.000000]   low ram: 0 - 37bfe000
[    0.000000] kvm-clock: Using msrs 4b564d01 and 4b564d00
[    0.000000] kvm-clock: cpu 0, msr 0:37bfd001, primary cpu clock
[    0.000000] kvm-clock: using sched offset of 6158223014 cycles
[    0.000000] clocksource: kvm-clock: mask: 0xffffffffffffffff max_cycles: 0x1cd42e4dffb, max_idle_ns: 881590591483 ns
[    0.000000] Zone ranges:
[    0.000000]   DMA      [mem 0x0000000000001000-0x0000000000ffffff]
[    0.000000]   Normal   [mem 0x0000000001000000-0x0000000037bfdfff]
[    0.000000]   HighMem  [mem 0x0000000037bfe000-0x000000003ffeffff]
[    0.000000] Movable zone start for each node
[    0.000000] Early memory node ranges
[    0.000000]   node   0: [mem 0x0000000000001000-0x000000000009efff]
[    0.000000]   node   0: [mem 0x0000000000100000-0x000000003ffeffff]
[    0.000000] Initmem setup node 0 [mem 0x0000000000001000-0x000000003ffeffff]
[    0.000000] Using APIC driver default
[    0.000000] ACPI: PM-Timer IO Port: 0x4008
[    0.000000] IOAPIC[0]: apic_id 2, version 32, address 0xfec00000, GSI 0-23
[    0.000000] ACPI: INT_SRC_OVR (bus 0 bus_irq 0 global_irq 2 dfl dfl)
[    0.000000] ACPI: INT_SRC_OVR (bus 0 bus_irq 9 global_irq 9 high level)
[    0.000000] Using ACPI (MADT) for SMP configuration information
[    0.000000] smpboot: Allowing 2 CPUs, 0 hotplug CPUs
[    0.000000] PM: Registered nosave memory: [mem 0x00000000-0x00000fff]
[    0.000000] PM: Registered nosave memory: [mem 0x0009f000-0x0009ffff]
[    0.000000] PM: Registered nosave memory: [mem 0x000a0000-0x000effff]
[    0.000000] PM: Registered nosave memory: [mem 0x000f0000-0x000fffff]
[    0.000000] e820: [mem 0x40000000-0xfebfffff] available for PCI devices
[    0.000000] Booting paravirtualized kernel on KVM
[    0.000000] clocksource: refined-jiffies: mask: 0xffffffff max_cycles: 0xffffffff, max_idle_ns: 7645519600211568 ns
[    0.000000] setup_percpu: NR_CPUS:8 nr_cpumask_bits:8 nr_cpu_ids:2 nr_node_ids:1
[    0.000000] PERCPU: Embedded 19 pages/cpu @f76b0000 s47436 r0 d30388 u77824
[    0.000000] PV qspinlock hash table entries: 512 (order: 0, 4096 bytes)
[    0.000000] Built 1 zonelists in Zone order, mobility grouping on.  Total pages: 259800
[    0.000000] Kernel command line: BOOT_IMAGE=/boot/vmlinuz-4.4.0-59-generic root=LABEL=cloudimg-rootfs ro console=tty1 console=ttyS0
[    0.000000] PID hash table entries: 4096 (order: 2, 16384 bytes)
[    0.000000] Dentry cache hash table entries: 131072 (order: 7, 524288 bytes)
[    0.000000] Inode-cache hash table entries: 65536 (order: 6, 262144 bytes)
[    0.000000] Initializing CPU#0
[    0.000000] Initializing HighMem for node 0 (00037bfe:0003fff0)
[    0.000000] Initializing Movable for node 0 (00000000:00000000)
[    0.000000] Memory: 1012488K/1048120K available (7914K kernel code, 765K rwdata, 3148K rodata, 944K init, 800K bss, 35632K reserved, 0K cma-reserved, 135112K highmem)
[    0.000000] virtual kernel memory layout:
[    0.000000]     fixmap  : 0xfff15000 - 0xfffff000   ( 936 kB)
[    0.000000]     pkmap   : 0xffc00000 - 0xffe00000   (2048 kB)
[    0.000000]     vmalloc : 0xf83fe000 - 0xffbfe000   ( 120 MB)
[    0.000000]     lowmem  : 0xc0000000 - 0xf7bfe000   ( 891 MB)
[    0.000000]       .init : 0xc1b91000 - 0xc1c7d000   ( 944 kB)
[    0.000000]       .data : 0xc17bacfb - 0xc1b8f400   (3921 kB)
[    0.000000]       .text : 0xc1000000 - 0xc17bacfb   (7915 kB)
[    0.000000] Checking if this processor honours the WP bit even in supervisor mode...Ok.
[    0.000000] SLUB: HWalign=64, Order=0-3, MinObjects=0, CPUs=2, Nodes=1
[    0.000000] Hierarchical RCU implementation.
[    0.000000] 	Build-time adjustment of leaf fanout to 32.
[    0.000000] 	RCU restricting CPUs from NR_CPUS=8 to nr_cpu_ids=2.
[    0.000000] RCU: Adjusting geometry for rcu_fanout_leaf=32, nr_cpu_ids=2
[    0.000000] NR_IRQS:2304 nr_irqs:440 16
[    0.000000] Console: colour VGA+ 80x25
[    0.000000] console [tty1] enabled
[    0.000000] console [ttyS0] enabled
[    0.000000] allocated 1048576 bytes of page_ext
[    0.000000] tsc: Detected 2593.994 MHz processor
[    1.905868] Calibrating delay loop (skipped) preset value.. 5187.98 BogoMIPS (lpj=10375976)
[    1.937261] pid_max: default: 32768 minimum: 301
[    1.939255] ACPI: Core revision 20150930
[    1.958087] ACPI: 2 ACPI AML tables successfully acquired and loaded
[    2.020007] Security Framework initialized
[    2.029777] Yama: becoming mindful.
[    2.031124] AppArmor: AppArmor initialized
[    2.032646] Mount-cache hash table entries: 2048 (order: 1, 8192 bytes)
[    2.065708] Mountpoint-cache hash table entries: 2048 (order: 1, 8192 bytes)
[    2.068212] Initializing cgroup subsys io
[    2.079994] Initializing cgroup subsys memory
[    2.081650] Initializing cgroup subsys devices
[    2.083356] Initializing cgroup subsys freezer
[    2.130244] Initializing cgroup subsys net_cls
[    2.131843] Initializing cgroup subsys perf_event
[    2.152688] Initializing cgroup subsys net_prio
[    2.172503] Initializing cgroup subsys hugetlb
[    2.183474] Initializing cgroup subsys pids
[    2.206191] CPU: Physical Processor ID: 0
[    2.207684] CPU: Processor Core ID: 0
[    2.214464] mce: CPU supports 0 MCE banks
[    2.237878] Last level iTLB entries: 4KB 64, 2MB 8, 4MB 8
[    2.239802] Last level dTLB entries: 4KB 64, 2MB 0, 4MB 0, 1GB 4
[    2.278619] Freeing SMP alternatives memory: 28K (c1c7d000 - c1c84000)
[    2.350748] ftrace: allocating 31349 entries in 62 pages
[    2.529819] smpboot: APIC(0) Converting physical 0 to logical package 0
[    2.582869] smpboot: Max logical packages: 1
[    2.619787] Enabling APIC mode:  Flat.  Using 1 I/O APICs
[    2.632433] ..TIMER: vector=0x30 apic1=0 pin1=2 apic2=-1 pin2=-1
[    2.845043] APIC calibration not consistent with PM-Timer: 148ms instead of 100ms
[    2.892173] APIC delta adjusted to PM-Timer: 6582629 (9770154)
[    2.903020] smpboot: CPU0: Intel(R) Core(TM) i7-5600U CPU @ 2.60GHz (family: 0x6, model: 0x3d, stepping: 0x4)
[    2.936075] Performance Events: unsupported p6 CPU model 61 no PMU driver, software events only.
[    2.960758] KVM setup paravirtual spinlock
[    2.970561] x86: Booting SMP configuration:
[    2.992483] .... node  #0, CPUs:      #1
[1266874883.551328] Initializing CPU#1
[    3.028449] kvm-clock: cpu 1, msr 0:37bfd041, secondary cpu clock
[    3.052628] mce: CPU supports 0 MCE banks
[    3.063400] x86: Booted up 1 node, 2 CPUs
[    3.067998] smpboot: Total of 2 processors activated (10375.97 BogoMIPS)
[    3.096384] devtmpfs: initialized
[    3.110479] evm: security.selinux
[    3.135553] evm: security.SMACK64
[    3.137585] evm: security.SMACK64EXEC
[    3.155129] evm: security.SMACK64TRANSMUTE
[    3.183635] evm: security.SMACK64MMAP
[    3.186164] evm: security.ima
[    3.188118] evm: security.capability
[    3.221522] clocksource: jiffies: mask: 0xffffffff max_cycles: 0xffffffff, max_idle_ns: 7645041785100000 ns
[    3.312873] pinctrl core: initialized pinctrl subsystem
[    3.350819] RTC time: 23:29:24, date: 05/06/17
[    3.359977] NET: Registered protocol family 16
[    3.382210] EISA bus registered
[    3.409438] cpuidle: using governor ladder
[    3.511066] cpuidle: using governor menu
[    3.557716] PCCT header not found.
[    3.569208] ACPI: bus type PCI registered
[    3.629619] acpiphp: ACPI Hot Plug PCI Controller Driver version: 0.5
[    3.674688] PCI : PCI BIOS area is rw and x. Use pci=nobios if you want it NX.
[    3.767945] PCI: PCI BIOS revision 2.10 entry at 0xfda26, last bus=0
[    3.856029] PCI: Using configuration type 1 for base access
[    3.891644] ACPI: Added _OSI(Module Device)
[    3.908928] ACPI: Added _OSI(Processor Device)
[    3.921679] ACPI: Added _OSI(3.0 _SCP Extensions)
[    3.960582] ACPI: Added _OSI(Processor Aggregator Device)
[    4.007978] ACPI: Executed 1 blocks of module-level executable AML code
[    4.028420] ACPI: Interpreter enabled
[    4.083481] ACPI: (supports S0 S5)
[    4.147507] ACPI: Using IOAPIC for interrupt routing
[    4.224713] PCI: Using host bridge windows from ACPI; if necessary, use "pci=nocrs" and report a bug
[    4.314248] ACPI: PCI Root Bridge [PCI0] (domain 0000 [bus 00-ff])
[    4.335497] acpi PNP0A03:00: _OSC: OS supports [ASPM ClockPM Segments MSI]
[    4.341071] acpi PNP0A03:00: _OSC failed (AE_NOT_FOUND); disabling ASPM
[    4.415077] acpi PNP0A03:00: fail to add MMCONFIG information, can't access extended PCI configuration space under this bridge.
[    4.476027] PCI host bridge to bus 0000:00
[    4.507225] pci_bus 0000:00: root bus resource [io  0x0000-0x0cf7 window]
[    4.565533] pci_bus 0000:00: root bus resource [io  0x0d00-0xffff window]
[    4.619228] pci_bus 0000:00: root bus resource [mem 0x000a0000-0x000bffff window]
[    4.662381] pci_bus 0000:00: root bus resource [mem 0x40000000-0xffdfffff window]
[    4.688270] pci_bus 0000:00: root bus resource [bus 00-ff]
[    4.714973] pci 0000:00:01.1: legacy IDE quirk: reg 0x10: [io  0x01f0-0x01f7]
[    4.748140] pci 0000:00:01.1: legacy IDE quirk: reg 0x14: [io  0x03f6]
[    4.796538] pci 0000:00:01.1: legacy IDE quirk: reg 0x18: [io  0x0170-0x0177]
[    4.877218] pci 0000:00:01.1: legacy IDE quirk: reg 0x1c: [io  0x0376]
[    4.931873] pci 0000:00:07.0: quirk: [io  0x4000-0x403f] claimed by PIIX4 ACPI
[    5.012753] pci 0000:00:07.0: quirk: [io  0x4100-0x410f] claimed by PIIX4 SMB
[    5.032911] ACPI: PCI Interrupt Link [LNKA] (IRQs 5 9 10 *11)
[    5.096748] ACPI: PCI Interrupt Link [LNKB] (IRQs 5 9 10 *11)
[    5.106792] ACPI: PCI Interrupt Link [LNKC] (IRQs 5 9 *10 11)
[    5.112175] ACPI: PCI Interrupt Link [LNKD] (IRQs 5 *9 10 11)
[    5.148982] ACPI: Enabled 2 GPEs in block 00 to 07
[    5.194560] vgaarb: setting as boot device: PCI:0000:00:02.0
[    5.255431] vgaarb: device added: PCI:0000:00:02.0,decodes=io+mem,owns=io+mem,locks=none
[    5.283093] vgaarb: loaded
[    5.290940] vgaarb: bridge control possible 0000:00:02.0
[    5.296191] SCSI subsystem initialized
[    5.370614] ACPI: bus type USB registered
[    5.394483] usbcore: registered new interface driver usbfs
[    5.401416] usbcore: registered new interface driver hub
[    5.427207] usbcore: registered new device driver usb
[    5.458928] PCI: Using ACPI for IRQ routing
[    5.486706] NetLabel: Initializing
[    5.542410] NetLabel:  domain hash size = 128
[    5.580488] NetLabel:  protocols = UNLABELED CIPSOv4
[    5.607401] NetLabel:  unlabeled traffic allowed by default
[    5.648957] amd_nb: Cannot enumerate AMD northbridges
[    5.676231] clocksource: Switched to clocksource kvm-clock
[    5.720361] AppArmor: AppArmor Filesystem Enabled
[    5.772306] pnp: PnP ACPI init
[    5.797293] pnp: PnP ACPI: found 3 devices
[    5.829047] PnPBIOS: Disabled by ACPI PNP
[    5.900578] clocksource: acpi_pm: mask: 0xffffff max_cycles: 0xffffff, max_idle_ns: 2085701024 ns
[    5.980894] NET: Registered protocol family 2
[    6.015455] TCP established hash table entries: 8192 (order: 3, 32768 bytes)
[    6.032545] TCP bind hash table entries: 8192 (order: 4, 65536 bytes)
[    6.101897] TCP: Hash tables configured (established 8192 bind 8192)
[    6.127817] UDP hash table entries: 512 (order: 2, 16384 bytes)
[    6.156747] UDP-Lite hash table entries: 512 (order: 2, 16384 bytes)
[    6.186111] NET: Registered protocol family 1
[    6.195555] pci 0000:00:00.0: Limiting direct PCI/PCI transfers
[    6.232436] pci 0000:00:01.0: Activating ISA DMA hang workarounds
[    6.236857] Trying to unpack rootfs image as initramfs...
[   10.932173] Freeing initrd memory: 10508K (f6b6a000 - f75ad000)
[   10.951626] RAPL PMU detected, API unit is 2^-32 Joules, 4 fixed counters 10737418240 ms ovfl timer
[   10.985371] hw unit of domain pp0-core 2^-0 Joules
[   11.024135] hw unit of domain package 2^-0 Joules
[   11.033892] hw unit of domain dram 2^-0 Joules
[   11.053697] hw unit of domain pp1-gpu 2^-0 Joules
[   11.079887] platform rtc_cmos: registered platform RTC device (no PNP device found)
[   11.131243] Scanning for low memory corruption every 60 seconds
[   11.148414] futex hash table entries: 512 (order: 3, 32768 bytes)
[   11.166681] audit: initializing netlink subsys (disabled)
[   11.172856] audit: type=2000 audit(1494113375.161:1): initialized
[   11.175358] Initialise system trusted keyring
[   11.209516] HugeTLB registered 2 MB page size, pre-allocated 0 pages
[   11.227726] zbud: loaded
[   11.235571] VFS: Disk quotas dquot_6.6.0
[   11.238196] VFS: Dquot-cache hash table entries: 1024 (order 0, 4096 bytes)
[   11.291052] squashfs: version 4.0 (2009/01/31) Phillip Lougher
[   11.295511] fuse init (API version 7.23)
[   11.308908] Key type big_key registered
[   11.321310] Allocating IMA MOK and blacklist keyrings.
[   11.326298] Key type asymmetric registered
[   11.335328] Asymmetric key parser 'x509' registered
[   11.371123] bounce: pool size: 64 pages
[   11.391723] Block layer SCSI generic (bsg) driver version 0.4 loaded (major 249)
[   11.453142] io scheduler noop registered
[   11.481729] io scheduler deadline registered (default)
[   11.494881] io scheduler cfq registered
[   11.512548] pci_hotplug: PCI Hot Plug PCI Core version: 0.5
[   11.535709] pciehp: PCI Express Hot Plug Controller Driver version: 0.4
[   11.547189] ACPI: AC Adapter [AC] (on-line)
[   11.550753] input: Power Button as /devices/LNXSYSTM:00/LNXPWRBN:00/input/input0
[   11.594230] ACPI: Power Button [PWRF]
[   11.597185] input: Sleep Button as /devices/LNXSYSTM:00/LNXSLPBN:00/input/input1
[   11.614388] ACPI: Sleep Button [SLPF]
[   11.626652] ACPI: Battery Slot [BAT0] (battery present)
[   11.650029] GHES: HEST is not enabled!
[   11.656049] isapnp: Scanning for PnP cards...
[   11.687568] Serial: 8250/16550 driver, 32 ports, IRQ sharing enabled
[   11.771323] 00:02: ttyS0 at I/O 0x3f8 (irq = 4, base_baud = 115200) is a 16550A
[   11.811885] Linux agpgart interface v0.103
[   11.837331] brd: module loaded
[   11.841583] loop: module loaded
[   11.855581] scsi host0: ata_piix
[   11.856910] scsi host1: ata_piix
[   11.858029] ata1: PATA max UDMA/33 cmd 0x1f0 ctl 0x3f6 bmdma 0xd000 irq 14
[   11.859879] ata2: PATA max UDMA/33 cmd 0x170 ctl 0x376 bmdma 0xd008 irq 15
[   11.861871] libphy: Fixed MDIO Bus: probed
[   11.863102] tun: Universal TUN/TAP device driver, 1.6
[   11.880342] tun: (C) 1999-2004 Max Krasnyansky <maxk@qualcomm.com>
[   11.882719] PPP generic driver version 2.4.2
[   11.887104] ehci_hcd: USB 2.0 'Enhanced' Host Controller (EHCI) Driver
[   11.890344] ehci-pci: EHCI PCI platform driver
[   11.891846] ehci-platform: EHCI generic platform driver
[   11.899803] ohci_hcd: USB 1.1 'Open' Host Controller (OHCI) Driver
[   11.907824] ohci-pci: OHCI PCI platform driver
[   11.910696] ohci-platform: OHCI generic platform driver
[   11.912337] uhci_hcd: USB Universal Host Controller Interface driver
[   11.914971] i8042: PNP: PS/2 Controller [PNP0303:PS2K,PNP0f03:PS2M] at 0x60,0x64 irq 1,12
[   11.918333] serio: i8042 KBD port at 0x60,0x64 irq 1
[   11.921569] serio: i8042 AUX port at 0x60,0x64 irq 12
[   11.923304] mousedev: PS/2 mouse device common for all mice
[   11.926544] input: AT Translated Set 2 keyboard as /devices/platform/i8042/serio0/input/input2
[   11.954557] rtc_cmos rtc_cmos: rtc core: registered rtc_cmos as rtc0
[   11.960079] rtc_cmos rtc_cmos: alarms up to one day, 114 bytes nvram
[   11.981983] i2c /dev entries driver
[   11.984281] device-mapper: uevent: version 1.0.3
[   12.003146] device-mapper: ioctl: 4.34.0-ioctl (2015-10-28) initialised: dm-devel@redhat.com
[   12.044229] platform eisa.0: Probing EISA bus 0
[   12.046828] platform eisa.0: EISA: Cannot allocate resource for mainboard
[   12.055691] platform eisa.0: Cannot allocate resource for EISA slot 1
[   12.057509] platform eisa.0: Cannot allocate resource for EISA slot 2
[   12.059317] platform eisa.0: Cannot allocate resource for EISA slot 3
[   12.061371] platform eisa.0: Cannot allocate resource for EISA slot 4
[   12.085594] tsc: Refined TSC clocksource calibration: 2595.122 MHz
[   12.087316] clocksource: tsc: mask: 0xffffffffffffffff max_cycles: 0x25683be93ac, max_idle_ns: 440795278046 ns
[   12.109993] isapnp: No Plug & Play device found
[   12.175226] platform eisa.0: Cannot allocate resource for EISA slot 5
[   12.175229] platform eisa.0: Cannot allocate resource for EISA slot 6
[   12.175231] platform eisa.0: Cannot allocate resource for EISA slot 7
[   12.175232] platform eisa.0: Cannot allocate resource for EISA slot 8
[   12.175234] platform eisa.0: EISA: Detected 0 cards
[   12.175260] cpufreq-nforce2: No nForce2 chipset.
[   12.175272] ledtrig-cpu: registered to indicate activity on CPUs
[   12.175732] NET: Registered protocol family 10
[   12.176065] NET: Registered protocol family 17
[   12.176081] Key type dns_resolver registered
[   12.176929] microcode: CPU0 sig=0x306d4, pf=0x40, revision=0x0
[   12.178173] microcode: CPU1 sig=0x306d4, pf=0x40, revision=0x0
[   12.178219] microcode: Microcode Update Driver: v2.01 <tigran@aivazian.fsnet.co.uk>, Peter Oruba
[   12.178238] Using IPI No-Shortcut mode
[   12.178429] registered taskstats version 1
[   12.178457] Loading compiled-in X.509 certificates
[   12.181727] Loaded X.509 cert 'Build time autogenerated kernel key: 5abddad4aa185bb4ac78f1f130c188cbdfc4c5fc'
[   12.181753] zswap: loaded using pool lzo/zbud
[   12.183811] Key type trusted registered
[   12.187404] Key type encrypted registered
[   12.187410] AppArmor: AppArmor sha1 policy hashing enabled
[   12.187422] ima: No TPM chip found, activating TPM-bypass!
[   12.187443] evm: HMAC attrs: 0x1
[   12.187761]   Magic number: 1:810:503
[   12.188347] rtc_cmos rtc_cmos: setting system clock to 2017-05-06 23:29:33 UTC (1494113373)
[   12.188437] BIOS EDD facility v0.16 2004-Jun-25, 0 devices found
[   12.188437] EDD information not available.
[   12.796731] Freeing unused kernel memory: 944K (c1b91000 - c1c7d000)
[   12.847552] Write protecting the kernel text: 7916k
[   12.858972] Write protecting the kernel read-only data: 3156k
[   12.878616] NX-protecting the kernel data: 6420k
Loading, please wait...
starting version[   12.949243] random: systemd-udevd: uninitialized urandom read (16 bytes read, 2 bits of entropy available)
 229
[   12.953010] random: udevadm: uninitialized urandom read (16 bytes read, 2 bits of entropy available)
[   12.953218] random: udevadm: uninitialized urandom read (16 bytes read, 2 bits of entropy available)
[   12.953873] random: udevadm: uninitialized urandom read (16 bytes read, 2 bits of entropy available)
[   12.954155] random: udevadm: uninitialized urandom read (16 bytes read, 2 bits of entropy available)
[   12.954413] random: udevadm: uninitialized urandom read (16 bytes read, 2 bits of entropy available)
[   12.954776] random: udevadm: uninitialized urandom read (16 bytes read, 2 bits of entropy available)
[   12.955013] random: udevadm: uninitialized urandom read (16 bytes read, 2 bits of entropy available)
[   12.955173] random: udevadm: uninitialized urandom read (16 bytes read, 2 bits of entropy available)
[   12.955413] random: udevadm: uninitialized urandom read (16 bytes read, 2 bits of entropy available)
[   13.762134] e1000: Intel(R) PRO/1000 Network Driver - version 7.3.21-k8-NAPI
[   13.785067] e1000: Copyright (c) 1999-2006 Intel Corporation.
[   13.794240] Fusion MPT base driver 3.04.20
[   13.837609] Copyright (c) 1999-2008 LSI Corporation
[   14.029820] Fusion MPT SPI Host driver 3.04.20
[   14.083134] input: ImExPS/2 Generic Explorer Mouse as /devices/platform/i8042/serio1/input/input4
[   14.715748] e1000 0000:00:03.0 eth0: (PCI:33MHz:32-bit) 02:ba:9d:25:04:86
[   14.730851] e1000 0000:00:03.0 eth0: Intel(R) PRO/1000 Network Connection
[   14.758489] mptbase: ioc0: Initiating bringup
[   14.761823] e1000 0000:00:03.0 enp0s3: renamed from eth0
[   14.839094] ioc0: LSI53C1030 A0: Capabilities={Initiator}
[   15.068819] scsi host2: ioc0: LSI53C1030 A0, FwRev=00000000h, Ports=1, MaxQ=256, IRQ=20
[   15.342769] scsi 2:0:0:0: Direct-Access     VBOX     HARDDISK         1.0  PQ: 0 ANSI: 5
[   15.385543] scsi target2:0:0: Beginning Domain Validation
[   15.402401] scsi target2:0:0: Domain Validation skipping write tests
[   15.421946] scsi target2:0:0: Ending Domain Validation
[   15.428472] scsi target2:0:0: asynchronous
[   15.461479] scsi 2:0:1:0: Direct-Access     VBOX     HARDDISK         1.0  PQ: 0 ANSI: 5
[   15.485660] scsi target2:0:1: Beginning Domain Validation
[   15.517416] scsi target2:0:1: Domain Validation skipping write tests
[   15.555985] scsi target2:0:1: Ending Domain Validation
[   15.578524] scsi target2:0:1: asynchronous
[   15.618451] sd 2:0:0:0: Attached scsi generic sg0 type 0
[   15.674127] sd 2:0:0:0: [sda] 20971520 512-byte logical blocks: (10.7 GB/10.0 GiB)
[   15.759058] sd 2:0:1:0: Attached scsi generic sg1 type 0
[   15.760175] sd 2:0:0:0: [sda] Write Protect is off
[   15.760618] sd 2:0:0:0: [sda] Incomplete mode parameter data
[   15.760621] sd 2:0:0:0: [sda] Assuming drive cache: write through
[   15.792907] sd 2:0:1:0: [sdb] 20480 512-byte logical blocks: (10.5 MB/10.0 MiB)
[   15.793665] sd 2:0:1:0: [sdb] Write Protect is off
[   15.794110] sd 2:0:1:0: [sdb] Incomplete mode parameter data
[   15.794115] sd 2:0:1:0: [sdb] Assuming drive cache: write through
[   15.801727]  sda: sda1
[   15.807162] sd 2:0:0:0: [sda] Attached SCSI disk
[   15.808066] sd 2:0:1:0: [sdb] Attached SCSI disk
[   16.784942] floppy0: no floppy controllers found
Begin: Loading essential drivers[   19.585454] md: linear personality registered for level -1
 ... [   19.651683] md: multipath personality registered for level -4
[   19.724834] md: raid0 personality registered for level 0
[   19.758111] md: raid1 personality registered for level 1
[   19.880705] raid6: mmxx1    gen()  1218 MB/s
[   19.988526] raid6: mmxx2    gen()  1095 MB/s
[   20.090082] raid6: sse1x1   gen()   934 MB/s
[   20.192695] raid6: sse1x2   gen()  1146 MB/s
[   20.296722] raid6: sse2x1   gen()  1460 MB/s
[   20.404433] raid6: sse2x1   xor()  1414 MB/s
[   20.476477] raid6: sse2x2   gen()  1911 MB/s
[   20.552903] raid6: sse2x2   xor()  1131 MB/s
[   20.562526] raid6: using algorithm sse2x2 gen() 1911 MB/s
[   20.573739] raid6: .... xor() 1131 MB/s, rmw enabled
[   20.586313] raid6: using ssse3x1 recovery algorithm
[   20.642517] xor: automatically using best checksumming function:
[   20.704329]    avx       :  4899.000 MB/sec
[   20.757746] async_tx: api initialized (async)
[   20.855913] md: raid6 personality registered for level 6
[   20.889050] md: raid5 personality registered for level 5
[   20.941608] md: raid4 personality registered for level 4
[   21.022664] md: raid10 personality registered for level 10
done.
Begin: Running /scripts/init-premount ... done.
Begin: Mounting root file system ... Begin: Running /scripts/local-top ... done.
Begin: Running /scripts/local-premount ... [   21.264617] Btrfs loaded
Scanning for Btrfs filesystems
done.
Warning: fsck not present, so sk[   21.424265] EXT4-fs (sda1): mounted filesystem with ordered data mode. Opts: (null)
ipping root file system
done.
Begin: Running /scripts/local-bottom ... done.
Begin: Running /scripts/init-bottom ... done.
[   21.892708] systemd[1]: systemd 229 running in system mode. (+PAM +AUDIT +SELINUX +IMA +APPARMOR +SMACK +SYSVINIT +UTMP +LIBCRYPTSETUP +GCRYPT +GNUTLS +ACL +XZ -LZ4 +SECCOMP +BLKID +ELFUTILS +KMOD -IDN)
[   22.010109] systemd[1]: Detected virtualization oracle.
[   22.023134] systemd[1]: Detected architecture x86.

Welcome to [1mUbuntu 16.04.1 LTS[0m!

[   22.106557] systemd[1]: Set hostname to <ubuntu-xenial>.
[   22.547386] systemd[1]: Listening on Journal Audit Socket.
[[0;32m  OK  [0m] Listening on Journal Audit Socket.
[   22.634667] systemd[1]: Listening on Syslog Socket.
[[   22.655598] random: nonblocking pool is initialized
[0;32m  OK  [0m] Listening on Syslog Socket.
[   22.664666] systemd[1]: Listening on /dev/initctl Compatibility Named Pipe.
[[0;32m  OK  [0m] Listening on /dev/initctl Compatibility Named Pipe.
[   22.715581] systemd[1]: Created slice User and Session Slice.
[[0;32m  OK  [0m] Created slice User and Session Slice.
[   22.793882] systemd[1]: Listening on Journal Socket.
[[0;32m  OK  [0m] Listening on Journal Socket.
[   22.838363] systemd[1]: Created slice System Slice.
[[0;32m  OK  [0m] Created slice System Slice.
[   22.914096] systemd[1]: Starting Load Kernel Modules...
         Starting Load Kernel Modules...
[   22.949835] systemd[1]: Starting Set console keymap...
         Starting Set console keymap...
[   23.014393] systemd[1]: Created slice system-serial\x2dgetty.slice.
[   23.065415] Loading iSCSI transport class v2.0-870.
[[0;32m  OK  [0m] Created slice system-serial\x2dgetty.slice.
[   23.156781] systemd[1]: Starting Uncomplicated firewall...
[   23.195720] iscsi: registered transport (tcp)
         Starting Uncomplicated firewall...
[   23.250254] systemd[1]: Listening on Device-mapper event daemon FIFOs.
[[0;32m  OK  [0m] Listening on Device-mapper event daemon FIFOs.
[   23.353038] systemd[1]: Mounting Huge Pages File System...
         Mounting Huge Pages File System...
[   23.393108] systemd[1]: Listening on LVM2 metadata daemon socket.
[[0;32m  OK  [0m] Listening on LVM2 metadata daemon socket.
[   23.445990] systemd[1]: Listening on Journal Socket (/dev/log).
[[0;32m  OK  [0m] Listening on [   23.496606] iscsi: registered transport (iser)
Journal Socket (/dev/log).
[   23.589401] systemd[1]: Starting Journal Service...
         Starting Journal Service...
[   23.623212] systemd[1]: Mounting POSIX Message Queue File System...
         Mounting POSIX Message Queue File System...
[   23.684166] systemd[1]: Reached target User and Group Name Lookups.
[[0;32m  OK  [0m] Reached target User and Group Name Lookups.
[   23.770751] systemd[1]: Starting Monitoring of LVM2 mirrors, snapshots etc. using dmeventd or progress polling...
         Starting Monitoring of LVM2 mirrors... dmeventd or progress polling...
[   23.838306] systemd[1]: Listening on udev Control Socket.
[[0;32m  OK  [0m] Listening on udev Control Socket.
[   23.945757] systemd[1]: Listening on udev Kernel Socket.
[[0;32m  OK  [0m] Listening on udev Kernel Socket.
[   24.094475] systemd[1]: Set up automount Arbitrary Executable File Formats File System Automount Point.
[[0;32m  OK  [0m] Set up automount Arbitrary Executab...ats File System Automount Point.
[   24.245380] systemd[1]: Starting Remount Root and Kernel File Systems...
[   24.276061] EXT4-fs (sda1): re-mounted. Opts: (null)
         Starting Remount Root and Kernel File Systems...
[   24.337284] systemd[1]: Starting Create list of required static device nodes for the current kernel...
         Starting Create list of required st... nodes for the current kernel...
[   24.448987] systemd[1]: Started Forward Password Requests to Wall Directory Watch.
[[0;32m  OK  [0m] Started Forward Password Requests to Wall Directory Watch.
[   24.557271] systemd[1]: Reached target Encrypted Volumes.
[[0;32m  OK  [0m] Reached target Encrypted Volumes.
[   24.625674] systemd[1]: Reached target Slices.
[[0;32m  OK  [0m] Reached target Slices.
[   24.729392] systemd[1]: Listening on LVM2 poll daemon socket.
[[0;32m  OK  [0m] Listening on LVM2 poll daemon socket.
[   24.857246] systemd[1]: Mounting Debug File System...
         Mounting Debug File System...
[   24.905521] systemd[1]: Starting Nameserver information manager...
         Starting Nameserver information manager...
[   24.949308] systemd[1]: Reached target Swap.
[[0;32m  OK  [0m] Reached target Swap.
[   25.044813] systemd[1]: Mounted Huge Pages File System.
[[0;32m  OK  [0m] Mounted Huge Pages File System.
[   25.077978] systemd[1]: Mounted POSIX Message Queue File System.
[[0;32m  OK  [0m] Mounted POSIX Message Queue File System.
[   25.146672] systemd[1]: Mounted Debug File System.
[[0;32m  OK  [0m] Mounted Debug File System.
[   25.222517] systemd[1]: Started Journal Service.
[[0;32m  OK  [0m] Started Journal Service.
[[0;32m  OK  [0m] Started Load Kernel Modules.
[[0;32m  OK  [0m] Started Set console keymap.
[[0;32m  OK  [0m] Started Uncomplicated firewall.
[[0;32m  OK  [0m] Started Remount Root and Kernel File Systems.
[[0;32m  OK  [0m] Started Create list of required sta...ce nodes for the current kernel.
[[0;32m  OK  [0m] Started Nameserver information manager.
[[0;32m  OK  [0m] Started LVM2 metadata daemon.
         Starting Create Static Device Nodes in /dev...
         Starting udev Coldplug all Devices...
         Starting Initial cloud-init job (pre-networking)...
         Starting Load/Save Random Seed...
         Starting Apply Kernel Variables...
         Mounting FUSE Control File System...
         Starting Flush Journal to Persistent Storage...
[[0;32m  OK  [0m] Mounted FUSE Control File System.
[[0;32m  OK  [0m] Started Create Static Device Nodes in /dev.
[[0;32m  OK  [0m] Started Load/Save Random Seed.
[[0;32m  OK  [0m] Started Apply Kernel Variables.
[[0;32m  OK  [0m] Started Monitoring of LVM2 mirrors,...ng dmeventd or progress polling.
[[0;32m  OK  [0m] Started udev Coldplug all Devices.
[[0;32m  OK  [0m] Started Flush Journal to Persistent Storage.
         Starting udev Kernel Device Manager...
[[0;32m  OK  [0m] Started udev Kernel Device Manager.
[[0;32m  OK  [0m] Reached target Local File Systems (Pre).
[[0;32m  OK  [0m] Reached target Local File Systems.
         Starting Set console font and keymap...
         Starting LSB: AppArmor initialization...
         Starting Create Volatile Files and Directories...
         Starting Tell Plymouth To Write Out Runtime Data...
[[0;32m  OK  [0m] Started Dispatch Password Requests to Console Directory Watch.
[[0;32m  OK  [0m] Started Create Volatile Files and Directories.
[[0;32m  OK  [0m] Started Tell Plymouth To Write Out Runtime Data.
         Starting Update UTMP about System Boot/Shutdown...
[[0;32m  OK  [0m] Reached target System Time Synchronized.
[[0;32m  OK  [0m] Started Update UTMP about System Boot/Shutdown.
[[0;32m  OK  [0m] Started LSB: AppArmor initialization.
[[0;32m  OK  [0m] Found device /dev/ttyS0.
[[0;32m  OK  [0m] Started Set console font and keymap.
[[0;32m  OK  [0m] Created slice system-getty.slice.
[[0;32m  OK  [0m] Found device 82540EM Gigabit Ethern...r (PRO/1000 MT Desktop Adapter).
[[0;32m  OK  [0m] Listening on Load/Save RF Kill Switch Status /dev/rfkill Watch.
[   27.360378] cloud-init[475]: Cloud-init v. 0.7.8 running 'init-local' at Sat, 06 May 2017 23:29:52 +0000. Up 26.17 seconds.
[[0;32m  OK  [0m] Started Initial cloud-init job (pre-networking).
[[0;32m  OK  [0m] Reached target Network (Pre).
         Starting Raise network interfaces...
[[0;32m  OK  [0m] Started ifup for enp0s3.
[[0;32m  OK  [0m] Started Raise network interfaces.
[[0;32m  OK  [0m] Reached target Network.
         Starting Initial cloud-init job (metadata service crawler)...
[   31.770408] cloud-init[1075]: Cloud-init v. 0.7.8 running 'init' at Sat, 06 May 2017 23:29:56 +0000. Up 30.53 seconds.
[   31.850601] cloud-init[1075]: ci-info: +++++++++++++++++++++++++++++++++++++Net device info+++++++++++++++++++++++++++++++++++++
[   31.922366] [[0;32m  OK  [0m] Started Initial cloud-init job (metadata service crawler).
[[0;32m  OK  [0m] Reached target Network is Online.
cloud-init[1075]: ci-info: +--------+------+---------------------------+---------------+-------+-------------------+
[   32.030936] cloud-init[1075]: ci-info: | Device |  Up  |          Address          |      Mask     | Scope |     Hw-Address    |
         Starting iSCSI initiator daemon (iscsid)...
[   32.033050] [cloud-init[0;32m  OK  [0m[1075]: ] ci-info: +--------+------+---------------------------+---------------+-------+-------------------+Reached target Cloud-config availability.

[   32.069730] [cloud-init[0;32m  OK  [0m[1075]: ] ci-info: | enp0s3 | True |         10.0.2.15         | 255.255.255.0 |   .   | 02:ba:9d:25:04:86 |Reached target System Initialization.

[   32.242896] cloud-init[1075]: ci-info: | enp0s3 | True | fe80::ba:9dff:fe25:486/64 |       .       |  link | 02:ba:9d:25:04:86 |
         Starting LXD - unix socket.
[   32.244864] [cloud-init[0;32m  OK  [0m[1075]: ] ci-info: |   lo   | True |         127.0.0.1         |   255.0.0.0   |   .   |         .         |Listening on UUID daemon activation socket.

         Starting Socket activation for snappy daemon.
[[0;32m  OK  [0m] Listening on ACPID Listen Socket.
[   32.335435] cloud-init[1075]: ci-info: |   lo   | True |          ::1/128          |       .       |  host |         .         |
[   32.681557] cloud-init[1075]: ci-info: +--------+------+---------------------------+---------------+-------+-------------------+
[[0;32m  OK  [0m] Started Daily apt activities.
[[0;32m  OK  [0m] Listening on D-Bus System Message Bus Socket.
[[0;32m  OK  [0m] Started Timer to automatically refresh installed snaps.
[[0;32m  OK  [0m] Started Trigger resolvconf update for networkd DNS.
[   32.726438] cloud-init[1075]: ci-info: +++++++++++++++++++++++++++Route IPv4 info++++++++++++++++++++++++++++
[[0;32m  OK  [0m] Started ACPI Events Check.
[   32.872402] cloud-init[1075]: ci-info: +-------+-------------+----------+---------------+-----------+-------+
[   32.905036] cloud-init[1075]: ci-info: | Route | Destination | Gateway  |    Genmask    | Interface | Flags |
[   32.905614] cloud-init[1075]: ci-info: +-------+-------------+----------+---------------+-----------+-------+
[   32.906269] cloud-init[1075]: ci-info: |   0   |   0.0.0.0   | 10.0.2.2 |    0.0.0.0    |   enp0s3  |   UG  |
[   32.906514] cloud-init[1075]: ci-info: |   1   |   10.0.2.0  | 0.0.0.0  | 255.255.255.0 |   enp0s3  |   U   |
[   32.906676] cloud-init[1075]: ci-info: +-------+-------------+----------+---------------+-----------+-------+
[[0;32m  OK  [0m] Reached target Paths.
[[0;32m  OK  [0m] Started Daily Cleanup of Temporary Directories.
[[0;32m  OK  [0m] Reached target Timers.
[[0;32m  OK  [0m] Listening on LXD - unix socket.
[[0;32m  OK  [0m] Listening on Socket activation for snappy daemon.
[[0;32m  OK  [0m] Started iSCSI initiator daemon (iscsid).
         Starting Login to default iSCSI targets...
[[0;32m  OK  [0m] Reached target Sockets.
[[0;32m  OK  [0m] Reached target Basic System.
         Starting Accounts Service...
         Starting Daily apt activities...
         Starting System Logging Service...
         Starting LSB: Record successful boot for GRUB...
         Starting /etc/rc.local Compatibility...
[[0;32m  OK  [0m] Started D-Bus System Message Bus.
[[0;32m  OK  [0m] Started Snappy daemon.
         Starting Auto import assertions from block devices...
[[0;32m  OK  [0m] Started Regular background program processing daemon.
[[0;32m  OK  [0m] Started ACPI event daemon.
[[0;32m  OK  [0m] Started Deferred execution scheduler.
         Starting Apply the settings specified in cloud-config...
         Starting Login Service...
[[0;32m  OK  [0m] Started FUSE filesystem for LXC.
         Starting OpenBSD Secure Shell server...
         Starting LSB: MD monitoring daemon...
         Starting LXD - container startup/shutdown...
[[0;32m  OK  [0m] Started System Logging Service.
[[0;32m  OK  [0m] Started /etc/rc.local Compatibility.
[[0;32m  OK  [0m] Started Auto import assertions from block devices.
[[0;32m  OK  [0m] Started Login to default iSCSI targets.
[[0;32m  OK  [0m] Started OpenBSD Secure Shell server.
[[0;32m  OK  [0m] Started LXD - container startup/shutdown.
[[0;32m  OK  [0m] Started LSB: Record successful boot for GRUB.
[[0;32m  OK  [0m] Started LSB: MD monitoring daemon.
         Starting Authenticate and Authorize Users to Run Privileged Tasks...
[[0;32m  OK  [0m] Reached target Remote File Systems (Pre).
[[0;32m  OK  [0m] Reached target Remote File Systems.
         Starting LSB: VirtualBox Linux Additions...
         Starting LSB: automatic crash report generation...
         Starting LSB: Set the CPU Frequency Scaling governor to "ondemand"...
         Starting LSB: daemon to balance interrupts for SMP systems...
         Starting Permit User Sessions...
         Starting LSB: No Display Manager...
[[0;32m  OK  [0m] Started Login Service.
[[0;32m  OK  [0m] Started Permit User Sessions.
[[0;32m  OK  [0m] Started Authenticate and Authorize Users to Run Privileged Tasks.
[[0;32m  OK  [0m] Started Accounts Service.
[[0;32m  OK  [0m] Started LSB: Set the CPU Frequency Scaling governor to "ondemand".
[[0;32m  OK  [0m] Started LSB: automatic crash report generation.
         Starting Hold until boot process finishes up...
         Starting Terminate Plymouth Boot Screen...
[[0;32m  OK  [0m] Started LSB: daemon to balance interrupts for SMP systems.
[[0;32m  OK  [0m] Started LSB: No Display Manager.
[[0;32m  OK  [0m] Started Hold until boot process finishes up.
[[0;32m  OK  [0m] Started Terminate Plymouth Boot Screen.
[[0;32m  OK  [0m] Started Serial Getty on ttyS0.
         Starting Set console scheme...
[[0;32m  OK  [0m] Started Getty on tty1.
[[0;32m  OK  [0m] Reached target Login Prompts.
[[0;32m  OK  [0m] Started LSB: VirtualBox Linux Additions.
[[0;32m  OK  [0m] Started Set console scheme.
[[0;32m  OK  [0m] Reached target Multi-User System.
[[0;32m  OK  [0m] Reached target Graphical Interface.
         Starting Update UTMP about System Runlevel Changes...
[[0;32m  OK  [0m] Started Update UTMP about System Runlevel Changes.
[   37.377057] cloud-init[1192]: Cloud-init v. 0.7.8 running 'modules:config' at Sat, 06 May 2017 23:30:03 +0000. Up 37.08 seconds.
[[0;32m  OK  [0m] Started Apply the settings specified in cloud-config.
         Starting Execute cloud user/final scripts...
[   38.952954] cloud-init[1372]: Cloud-init v. 0.7.8 running 'modules:final' at Sat, 06 May 2017 23:30:04 +0000. Up 38.49 seconds.
[   39.004325] cloud-init[1372]: Cloud-init v. 0.7.8 finished at Sat, 06 May 2017 23:30:05 +0000. Datasource DataSourceNoCloud [seed=/dev/sdb][dsmode=net].  Up 38.93 seconds
[[0;32m  OK  [0m] Started Execute cloud user/final scripts.
[[0;32m  OK  [0m] Reached target Cloud-init target.
[[0;32m  OK  [0m] Created slice User Slice of ubuntu.
         Starting User Manager for UID 1000...
[[0;32m  OK  [0m] Started Session c1 of user ubuntu.
[[0;32m  OK  [0m] Started User Manager for UID 1000.

Ubuntu 16.04.1 LTS ubuntu-xenial ttyS0

ubuntu-xenial login: [[0;32m  OK  [0m] Started ACPI event daemon.
[[0;32m  OK  [0m] Started ACPI event daemon.
[[0;32m  OK  [0m] Started ACPI event daemon.
[[0;32m  OK  [0m] Started ACPI event daemon.
[[0;32m  OK  [0m] Started ACPI event daemon.
[[0;32m  OK  [0m] Started ACPI event daemon.
[[0;32m  OK  [0m] Started Daily apt activities.
         Stopping User Manager for UID 1000...
         Ston         Stopping System Logging Service...
         Stopping LSB: daemon to balance interrupts for SMP systems...
[[0;32m  OK  [0m] Stopped Accounts Service.
[[0;32m  OK  [0m] Stopped System Logging Service.
[[0;32m  OK  [0m] Stopped Snappy daemon.
[[0;32m  OK  [0m] Stopped Regular background program processing daemon.
[[0;32m  OK  [0m] Stopped ACPI event daemon.
[[0;32m  OK  [0m] Stopped Deferred execution scheduler.
[[0;32m  OK  [0m] Stopped OpenBSD Secure Shell server.
[[0;32m  OK  [0m] Stopped Authenticate and Authorize Users to Run Privileged Tasks.
[[0;32m  OK  [0m] Stopped Serial Getty on ttyS0.
[[0;32m  OK  [0m] Stopped Getty on tty1.
[[0;32m  OK  [0m] Stopped User Manager for UID 1000.
[[0;32m  OK  [0m] Stopped Session c1 of user ubuntu.
[[0;32m  OK  [0m] Stopped Session 2 of user ubuntu.
[[0;32m  OK  [0m] Stopped D-Bus System Message Bus.
[[0;32m  OK  [0m] Stopped FUSE filesystem for LXC.
[[0;32m  OK  [0m] Unmounted /var/lib/lxcfs.
[[0;32m  OK  [0m] Stopped LXD - container startup/shutdown.
[[0;32m  OK  [0m] Stopped LSB: MD monitoring daemon.
[[0;32m  OK  [0m] Stopped LSB: VirtualBox Linux Additions.
[[0;32m  OK  [0m] Stopped LSB: Record successful boot for GRUB.
[[0;32m  OK  [0m] Stopped LSB: Set the CPU Frequency Scaling governor to "ondemand".
[[0;32m  OK  [0m] Stopped LSB: automatic crash report generation.
[[0;32m  OK  [0m] Stopped LSB: daemon to balance interrupts for SMP systems.
[[0;32m  OK  [0m] Stopped LSB: No Display Manager.
[[0;32m  OK  [0m] Removed slice system-getty.slice.
[[0;32m  OK  [0m] Stopped /etc/rc.local Compatibility.
[[0;32m  OK  [0m] Removed slice system-serial\x2dgetty.slice.
[[0;32m  OK  [0m] Stopped Session 14 of user ubuntu.
[[0;32m  OK  [0m] Removed slice User Slice of ubuntu.
         Stopping Permit User Sessions...
         Stopping Login Service...
[[0;32m  OK  [0m] Stopped Permit User Sessions.
[[0;32m  OK  [0m] Stopped target Remote File Systems.
[[0;32m  OK  [0m] Stopped target Remote File Systems (Pre).
         Stopping Login to default iSCSI targets...
[[0;32m  OK  [0m] Stopped Login Service.
[[0;32m  OK  [0m] Stopped target Basic System.
[[0;32m  OK  [0m] Stopped target Paths.
[[0;32m  OK  [0m] Stopped Dispatch Password Requests to Console Directory Watch.
[[0;32m  OK  [0m] Stopped Trigger resolvconf update for networkd DNS.
[[0;32m  OK  [0m] Stopped Forward Password Requests to Wall Directory Watch.
[[0;32m  OK  [0m] Stopped ACPI Events Check.
[[0;32m  OK  [0m] Stopped target Slices.
[[0;32m  OK  [0m] Stopped target Sockets.
[[0;32m  OK  [0m] Closed D-Bus System Message Bus Socket.
[[0;32m  OK  [0m] Closed Socket activation for snappy daemon.
[[0;32m  OK  [0m] Closed Syslog Socket.
[[0;32m  OK  [0m] Closed LXD - unix socket.
[[0;32m  OK  [0m] Closed ACPID Listen Socket.
[[0;32m  OK  [0m] Closed UUID daemon activation socket.
[[0;32m  OK  [0m] Stopped target User and Group Name Lookups.
[[0;32m  OK  [0m] Stopped target System Initialization.
[[0;32m  OK  [0m] Stopped target Encrypted Volumes.
[[0;32m  OK  [0m] Stopped target Swap.
[[0;32m  OK  [0m] Stopped Create Volatile Files and Directories.
         Stopping Load/Save Random Seed...
[[0;32m  OK  [0m] Removed slice User and Session Slice.
[[0;32m  OK  [0m] Stopped Load/Save Random Seed.
[[0;32m  OK  [0m] Stopped Login to default iSCSI targets.
         Stopping iSCSI initiator daemon (iscsid)...
[[0;32m  OK  [0m] Stopped iSCSI initiator daemon (iscsid).
[[0;32m  OK  [0m] Stopped target Network is Online.
[[0;32m  OK  [0m] Stopped Initial cloud-init job (metadata service crawler).
[[0;32m  OK  [0m] Stopped target Network.
         Stopping Raise network interfaces...
[[0;32m  OK  [0m] Stopped Raise network interfaces.
[[0;32m  OK  [0m] Stopped target Local File Systems.
         Unmounting /vagrant...
         Starting Unattended Upgrades Shutdown...
         Unmounting /run/user/1000...
[[0;32m  OK  [0m] Stopped Apply Kernel Variables.
[[0;32m  OK  [0m] Stopped Load Kernel Modules.
[[0;32m  OK  [0m] Stopped target Network (Pre).
[[0;32m  OK  [0m] Stopped Initial cloud-init job (pre-networking).
[[0;32m  OK  [0m] Unmounted /vagrant.
[[0;32m  OK  [0m] Unmounted /run/user/1000.
[[0;32m  OK  [0m] Reached target Unmount All Filesystems.
[[0;32m  OK  [0m] Stopped target Local File Systems (Pre).
[[0;32m  OK  [0m] Stopped Create Static Device Nodes in /dev.
         Stopping Monitoring of LVM2 mirrors... dmeventd or progress polling...
[[0;32m  OK  [0m] Stopped Remount Root and Kernel File Systems.
[[0;32m  OK  [0m] Started Unattended Upgrades Shutdown.
[[0;32m  OK  [0m] Stopped Monitoring of LVM2 mirrors,...ng dmeventd or progress polling.
         Stopping LVM2 metadata daemon...
[[0;32m  OK  [0m] Reached target Shutdown.
[29008.691452] reboot: Power down
